\BOOKMARK [0][-]{chapter*.2}{\376\377\000P\000r\000e\000l\000i\000m\000i\000n\000a\000r\000i}{}% 1
\BOOKMARK [1][-]{section.0.1}{\376\377\000S\000p\000a\000z\000i\000\040\000r\000i\000f\000l\000e\000s\000s\000i\000v\000i}{chapter*.2}% 2
\BOOKMARK [1][-]{section.0.2}{\376\377\000A\000l\000c\000u\000n\000i\000\040\000c\000o\000m\000p\000l\000e\000m\000e\000n\000t\000i\000\040\000s\000u\000g\000l\000i\000\040\000s\000p\000a\000z\000i\000\040\000d\000i\000\040\000L\000e\000g\000e\000s\000g\000u\000e}{chapter*.2}% 3
\BOOKMARK [1][-]{section.0.3}{\376\377\000C\000o\000n\000v\000e\000r\000g\000e\000n\000z\000a\000\040\000d\000e\000b\000o\000l\000e\000\040\000i\000n\000\040\000s\000p\000a\000z\000i\000\040\000d\000i\000\040\000B\000a\000n\000a\000c\000h}{chapter*.2}% 4
\BOOKMARK [1][-]{section.0.4}{\376\377\000A\000p\000p\000r\000o\000s\000s\000i\000m\000a\000z\000i\000o\000n\000e\000\040\000p\000o\000l\000i\000n\000o\000m\000i\000a\000l\000e\000\040\000d\000i\000\040\000f\000u\000n\000z\000i\000o\000n\000i\000\040\000c\000o\000n\000t\000i\000n\000u\000e}{chapter*.2}% 5
\BOOKMARK [1][-]{section.0.5}{\376\377\000S\000p\000a\000z\000i\000\040\000d\000i\000\040\000L\000e\000b\000e\000s\000g\000u\000e\000\040\000c\000h\000e\000\040\000c\000o\000i\000n\000v\000o\000l\000g\000o\000n\000o\000\040\000i\000l\000\040\000t\000e\000m\000p\000o}{chapter*.2}% 6
\BOOKMARK [0][-]{chapter.1}{\376\377\000S\000p\000a\000z\000i\000\040\000d\000i\000\040\000S\000o\000b\000o\000l\000e\000v}{}% 7
\BOOKMARK [1][-]{section.1.1}{\376\377\000P\000r\000i\000m\000e\000\040\000p\000r\000o\000p\000r\000i\000e\000t\000\340\000\040\000d\000e\000g\000l\000i\000\040\000s\000p\000a\000z\000i\000\040\000d\000i\000\040\000S\000o\000b\000o\000l\000e\000v}{chapter.1}% 8
\BOOKMARK [1][-]{section.1.2}{\376\377\000R\000a\000p\000p\000r\000e\000s\000e\000n\000t\000a\000z\000i\000o\000n\000e\000\040\000d\000i\000\040\000f\000o\000r\000m\000e\000\040\000l\000i\000n\000e\000a\000r\000i\000\040\000e\000\040\000c\000o\000n\000t\000i\000n\000u\000e}{chapter.1}% 9
\BOOKMARK [1][-]{section.1.3}{\376\377\000A\000p\000p\000r\000o\000s\000s\000i\000m\000a\000z\000i\000o\000n\000e\000\040\000c\000o\000n\000\040\000f\000u\000n\000z\000i\000o\000n\000i\000\040\000l\000i\000s\000c\000e}{chapter.1}% 10
\BOOKMARK [1][-]{section.1.4}{\376\377\000E\000s\000t\000e\000n\000s\000i\000o\000n\000i}{chapter.1}% 11
\BOOKMARK [1][-]{section.1.5}{\376\377\000T\000r\000a\000c\000c\000e}{chapter.1}% 12
\BOOKMARK [1][-]{section.1.6}{\376\377\000T\000e\000o\000r\000e\000m\000i\000\040\000d\000i\000\040\000i\000m\000m\000e\000r\000s\000i\000o\000n\000e}{chapter.1}% 13
\BOOKMARK [1][-]{section.1.7}{\376\377\000T\000e\000o\000r\000e\000m\000i\000\040\000d\000i\000\040\000c\000o\000m\000p\000a\000t\000t\000e\000z\000z\000a}{chapter.1}% 14
\BOOKMARK [1][-]{section.1.8}{\376\377\000S\000p\000a\000z\000i\000\040\000d\000i\000\040\000S\000o\000b\000o\000l\000e\000v\000\040\000c\000h\000e\000\040\000c\000o\000i\000n\000v\000o\000l\000g\000o\000n\000o\000\040\000i\000l\000\040\000t\000e\000m\000p\000o}{chapter.1}% 15
\BOOKMARK [1][-]{section.1.9}{\376\377\000O\000p\000e\000r\000a\000t\000o\000r\000e\000\040\000d\000i\000\040\000N\000e\000m\000y\000t\000s\000k\000i\000j}{chapter.1}% 16
\BOOKMARK [0][-]{chapter.2}{\376\377\000E\000q\000u\000a\000z\000i\000o\000n\000i\000\040\000e\000l\000l\000i\000t\000t\000i\000c\000h\000e\000\040\000l\000i\000n\000e\000a\000r\000i\000\040\000d\000e\000l\000\040\000s\000e\000c\000o\000n\000d\000o\000\040\000o\000r\000d\000i\000n\000e}{}% 17
\BOOKMARK [1][-]{section.2.1}{\376\377\000I\000n\000t\000r\000o\000d\000u\000z\000i\000o\000n\000e}{chapter.2}% 18
\BOOKMARK [1][-]{section.2.2}{\376\377\000F\000o\000r\000m\000u\000l\000a\000z\000i\000o\000n\000e\000\040\000d\000e\000b\000o\000l\000e}{chapter.2}% 19
\BOOKMARK [1][-]{section.2.3}{\376\377\000E\000s\000i\000s\000t\000e\000n\000z\000a\000\040\000d\000i\000\040\000s\000o\000l\000u\000z\000i\000o\000n\000i\000\040\000d\000e\000b\000o\000l\000i}{chapter.2}% 20
\BOOKMARK [1][-]{section.2.4}{\376\377\000R\000e\000g\000o\000l\000a\000r\000i\000t\000\340}{chapter.2}% 21
\BOOKMARK [1][-]{section.2.5}{\376\377\000P\000r\000i\000n\000c\000i\000p\000i\000\040\000d\000e\000l\000\040\000m\000a\000s\000s\000i\000m\000o}{chapter.2}% 22
\BOOKMARK [1][-]{section.2.6}{\376\377\000P\000r\000o\000b\000l\000e\000m\000i\000\040\000a\000g\000l\000i\000\040\000a\000u\000t\000o\000v\000a\000l\000o\000r\000i}{chapter.2}% 23
\BOOKMARK [0][-]{chapter.3}{\376\377\000A\000l\000c\000u\000n\000i\000\040\000c\000o\000m\000p\000l\000e\000m\000e\000n\000t\000i\000\040\000d\000i\000\040\000c\000a\000l\000c\000o\000l\000o\000\040\000d\000e\000l\000l\000e\000\040\000v\000a\000r\000i\000a\000z\000i\000o\000n\000i}{}% 24
\BOOKMARK [1][-]{section.3.1}{\376\377\000V\000a\000r\000i\000a\000z\000i\000o\000n\000e\000\040\000p\000r\000i\000m\000a\000\040\000e\000\040\000v\000a\000r\000i\000a\000z\000i\000o\000n\000e\000\040\000s\000e\000c\000o\000n\000d\000a}{chapter.3}% 25
\BOOKMARK [1][-]{section.3.2}{\376\377\000E\000s\000i\000s\000t\000e\000n\000z\000a\000\040\000e\000d\000\040\000u\000n\000i\000c\000i\000t\000\340\000\040\000d\000i\000\040\000m\000i\000n\000i\000m\000i}{chapter.3}% 26
\BOOKMARK [1][-]{section.3.3}{\376\377\000V\000i\000n\000c\000o\000l\000i}{chapter.3}% 27
\BOOKMARK [1][-]{section.3.4}{\376\377\000P\000u\000n\000t\000i\000\040\000c\000r\000i\000t\000i\000c\000i}{chapter.3}% 28
\BOOKMARK [0][-]{chapter.4}{\376\377\000T\000e\000o\000r\000e\000m\000i\000\040\000d\000i\000\040\000p\000u\000n\000t\000o\000\040\000f\000i\000s\000s\000o}{}% 29
\BOOKMARK [1][-]{section.4.1}{\376\377\000I\000n\000t\000r\000o\000d\000u\000z\000i\000o\000n\000e}{chapter.4}% 30
\BOOKMARK [1][-]{section.4.2}{\376\377\000R\000i\000s\000u\000l\000t\000a\000t\000i\000\040\000i\000n\000\040\000d\000i\000m\000e\000n\000s\000i\000o\000n\000e\000\040\000f\000i\000n\000i\000t\000a}{chapter.4}% 31
\BOOKMARK [1][-]{section.4.3}{\376\377\000R\000i\000s\000u\000l\000t\000a\000t\000i\000\040\000i\000n\000\040\000d\000i\000m\000e\000n\000s\000i\000o\000n\000e\000\040\000i\000n\000f\000i\000n\000i\000t\000a}{chapter.4}% 32
\BOOKMARK [0][-]{chapter.5}{\376\377\000A\000l\000c\000u\000n\000i\000\040\000e\000l\000e\000m\000e\000n\000t\000i\000\040\000d\000i\000\040\000A\000n\000a\000l\000i\000s\000i\000\040\000n\000o\000n\000\040\000l\000i\000n\000e\000a\000r\000e}{}% 33
\BOOKMARK [1][-]{section.5.1}{\376\377\000I\000n\000t\000r\000o\000d\000u\000z\000i\000o\000n\000e}{chapter.5}% 34
\BOOKMARK [1][-]{section.5.2}{\376\377\000M\000e\000t\000o\000d\000i\000\040\000d\000i\000\040\000p\000u\000n\000t\000o\000\040\000f\000i\000s\000s\000o}{chapter.5}% 35
\BOOKMARK [1][-]{section.5.3}{\376\377\000M\000e\000t\000o\000d\000o\000\040\000d\000i\000\040\000m\000o\000n\000o\000t\000o\000n\000i\000a}{chapter.5}% 36
\BOOKMARK [1][-]{section.5.4}{\376\377\000M\000e\000t\000o\000d\000o\000\040\000d\000e\000l\000l\000e\000\040\000s\000o\000p\000r\000a\000/\000s\000o\000t\000t\000o\000-\000s\000o\000l\000u\000z\000i\000o\000n\000i}{chapter.5}% 37
\BOOKMARK [1][-]{section.5.5}{\376\377\000M\000e\000t\000o\000d\000o\000\040\000d\000e\000i\000\040\000p\000u\000n\000t\000i\000\040\000c\000r\000i\000t\000i\000c\000i}{chapter.5}% 38
\BOOKMARK [1][-]{section.5.6}{\376\377\000N\000o\000n\000\040\000e\000s\000i\000s\000t\000e\000n\000z\000a\000\040\000d\000i\000\040\000s\000o\000l\000u\000z\000i\000o\000n\000i}{chapter.5}% 39
\BOOKMARK [0][-]{section*.4}{\376\377\000E\000l\000e\000n\000c\000o\000\040\000d\000e\000i\000\040\000s\000i\000m\000b\000o\000l\000i}{}% 40
\BOOKMARK [0][-]{section*.6}{\376\377\000I\000n\000d\000i\000c\000e\000\040\000a\000n\000a\000l\000i\000t\000i\000c\000o}{}% 41
