This is pdfTeX, Version 3.141592653-2.6-1.40.24 (MiKTeX 23.1) (preloaded format=pdflatex 2023.6.3)  16 OCT 2025 15:58
entering extended mode
 restricted \write18 enabled.
 %&-line parsing enabled.
**./afed.tex
(afed.tex
LaTeX2e <2022-11-01> patch level 1
L3 programming layer <2023-02-02> (D:\Programmi\MikTeX\tex/latex/base\book.cls
Document Class: book 2022/07/02 v1.4n Standard LaTeX document class
(D:\Programmi\MikTeX\tex/latex/base\leqno.clo
File: leqno.clo 2016/12/29 v1.2b Standard LaTeX option (left equation numbers)
)
(D:\Programmi\MikTeX\tex/latex/base\bk12.clo
File: bk12.clo 2022/07/02 v1.4n Standard LaTeX file (size option)
)
\c@part=\count185
\c@chapter=\count186
\c@section=\count187
\c@subsection=\count188
\c@subsubsection=\count189
\c@paragraph=\count190
\c@subparagraph=\count191
\c@figure=\count192
\c@table=\count193
\abovecaptionskip=\skip48
\belowcaptionskip=\skip49
\bibindent=\dimen140
)
(C:\Users\matti\AppData\Roaming\MiKTeX\tex/latex/geometry\geometry.sty
Package: geometry 2020/01/02 v5.9 Page Geometry

(D:\Programmi\MikTeX\tex/latex/graphics\keyval.sty
Package: keyval 2022/05/29 v1.15 key=value parser (DPC)
\KV@toks@=\toks16
)
(D:\Programmi\MikTeX\tex/generic/iftex\ifvtex.sty
Package: ifvtex 2019/10/25 v1.7 ifvtex legacy package. Use iftex instead.

(D:\Programmi\MikTeX\tex/generic/iftex\iftex.sty
Package: iftex 2022/02/03 v1.0f TeX engine tests
))
\Gm@cnth=\count194
\Gm@cntv=\count195
\c@Gm@tempcnt=\count196
\Gm@bindingoffset=\dimen141
\Gm@wd@mp=\dimen142
\Gm@odd@mp=\dimen143
\Gm@even@mp=\dimen144
\Gm@layoutwidth=\dimen145
\Gm@layoutheight=\dimen146
\Gm@layouthoffset=\dimen147
\Gm@layoutvoffset=\dimen148
\Gm@dimlist=\toks17

(C:\Users\matti\AppData\Roaming\MiKTeX\tex/latex/geometry\geometry.cfg))
(D:\Programmi\MikTeX\tex/latex/setspace\setspace.sty
Package: setspace 2022/12/04 v6.7b set line spacing
)
(D:\Programmi\MikTeX\tex/latex/base\fontenc.sty
Package: fontenc 2021/04/29 v2.0v Standard LaTeX package
)
(D:\Programmi\MikTeX\tex/latex/base\latexsym.sty
Package: latexsym 1998/08/17 v2.2e Standard LaTeX package (lasy symbols)
\symlasy=\mathgroup4
LaTeX Font Info:    Overwriting symbol font `lasy' in version `bold'
(Font)                  U/lasy/m/n --> U/lasy/b/n on input line 52.
)
(D:\Programmi\MikTeX\tex/latex/tools\verbatim.sty
Package: verbatim 2020-07-07 v1.5u LaTeX2e package for verbatim enhancements
\every@verbatim=\toks18
\verbatim@line=\toks19
\verbatim@in@stream=\read2
)
(D:\Programmi\MikTeX\tex/latex/base\inputenc.sty
Package: inputenc 2021/02/14 v1.3d Input encoding file
\inpenc@prehook=\toks20
\inpenc@posthook=\toks21
)
(D:\Programmi\MikTeX\tex/generic/babel\babel.sty
Package: babel 2022/01/23 3.85 The Babel package
\babel@savecnt=\count197
\U@D=\dimen149
\l@unhyphenated=\language79

(D:\Programmi\MikTeX\tex/generic/babel\txtbabel.def)
\bbl@readstream=\read3
\bbl@dirlevel=\count198

*************************************
* Local config file bblopts.cfg used
*
(D:\Programmi\MikTeX\tex/latex/arabi\bblopts.cfg
File: bblopts.cfg 2005/09/08 v0.1 add Arabic and Farsi to "declared" options of
 babel
)
(C:\Users\matti\AppData\Roaming\MiKTeX\tex/latex/babel-italian\italian.ldf
Language: italian 2020/05/21 v.1.4.04 Italian support for the babel system
\it@lettering=\count199
\it@doublequoteactive=\count266
\it@ISOcompliance=\count267
))
(D:\Programmi\MikTeX\tex/generic/babel/locale/it\babel-italian.tex
Package babel Info: Importing font and identification data for italian
(babel)             from babel-it.ini. Reported on input line 11.
)
(D:\Programmi\MikTeX\tex/latex/etoolbox\etoolbox.sty
Package: etoolbox 2020/10/05 v2.5k e-TeX tools for LaTeX (JAW)
\etb@tempcnta=\count268
)
(D:\Programmi\MikTeX\tex/latex/graphics\graphicx.sty
Package: graphicx 2021/09/16 v1.2d Enhanced LaTeX Graphics (DPC,SPQR)

(D:\Programmi\MikTeX\tex/latex/graphics\graphics.sty
Package: graphics 2022/03/10 v1.4e Standard LaTeX Graphics (DPC,SPQR)

(D:\Programmi\MikTeX\tex/latex/graphics\trig.sty
Package: trig 2021/08/11 v1.11 sin cos tan (DPC)
)
(D:\Programmi\MikTeX\tex/latex/graphics-cfg\graphics.cfg
File: graphics.cfg 2016/06/04 v1.11 sample graphics configuration
)
Package graphics Info: Driver file: pdftex.def on input line 107.

(D:\Programmi\MikTeX\tex/latex/graphics-def\pdftex.def
File: pdftex.def 2022/09/22 v1.2b Graphics/color driver for pdftex
))
\Gin@req@height=\dimen150
\Gin@req@width=\dimen151
)
(D:\Programmi\MikTeX\tex/latex/amsfonts\amsfonts.sty
Package: amsfonts 2013/01/14 v3.01 Basic AMSFonts support
\@emptytoks=\toks22
\symAMSa=\mathgroup5
\symAMSb=\mathgroup6
LaTeX Font Info:    Redeclaring math symbol \hbar on input line 98.
LaTeX Font Info:    Overwriting math alphabet `\mathfrak' in version `bold'
(Font)                  U/euf/m/n --> U/euf/b/n on input line 106.
)
(D:\Programmi\MikTeX\tex/latex/jknappen\mathrsfs.sty
Package: mathrsfs 1996/01/01 Math RSFS package v1.0 (jk)
\symrsfs=\mathgroup7
)
(D:\Programmi\MikTeX\tex/latex/amsmath\amsmath.sty
Package: amsmath 2022/04/08 v2.17n AMS math features
\@mathmargin=\skip50

For additional information on amsmath, use the `?' option.
(D:\Programmi\MikTeX\tex/latex/amsmath\amstext.sty
Package: amstext 2021/08/26 v2.01 AMS text

(D:\Programmi\MikTeX\tex/latex/amsmath\amsgen.sty
File: amsgen.sty 1999/11/30 v2.0 generic functions
\@emptytoks=\toks23
\ex@=\dimen152
))
(D:\Programmi\MikTeX\tex/latex/amsmath\amsbsy.sty
Package: amsbsy 1999/11/29 v1.2d Bold Symbols
\pmbraise@=\dimen153
)
(D:\Programmi\MikTeX\tex/latex/amsmath\amsopn.sty
Package: amsopn 2022/04/08 v2.04 operator names
)
\inf@bad=\count269
LaTeX Info: Redefining \frac on input line 234.
\uproot@=\count270
\leftroot@=\count271
LaTeX Info: Redefining \overline on input line 399.
LaTeX Info: Redefining \colon on input line 410.
\classnum@=\count272
\DOTSCASE@=\count273
LaTeX Info: Redefining \ldots on input line 496.
LaTeX Info: Redefining \dots on input line 499.
LaTeX Info: Redefining \cdots on input line 620.
\Mathstrutbox@=\box51
\strutbox@=\box52
LaTeX Info: Redefining \big on input line 722.
LaTeX Info: Redefining \Big on input line 723.
LaTeX Info: Redefining \bigg on input line 724.
LaTeX Info: Redefining \Bigg on input line 725.
\big@size=\dimen154
LaTeX Font Info:    Redeclaring font encoding OML on input line 743.
LaTeX Font Info:    Redeclaring font encoding OMS on input line 744.
\macc@depth=\count274
LaTeX Info: Redefining \bmod on input line 905.
LaTeX Info: Redefining \pmod on input line 910.
LaTeX Info: Redefining \smash on input line 940.
LaTeX Info: Redefining \relbar on input line 970.
LaTeX Info: Redefining \Relbar on input line 971.
\c@MaxMatrixCols=\count275
\dotsspace@=\muskip16
\c@parentequation=\count276
\dspbrk@lvl=\count277
\tag@help=\toks24
\row@=\count278
\column@=\count279
\maxfields@=\count280
\andhelp@=\toks25
\eqnshift@=\dimen155
\alignsep@=\dimen156
\tagshift@=\dimen157
\tagwidth@=\dimen158
\totwidth@=\dimen159
\lineht@=\dimen160
\@envbody=\toks26
\multlinegap=\skip51
\multlinetaggap=\skip52
\mathdisplay@stack=\toks27
LaTeX Info: Redefining \[ on input line 2953.
LaTeX Info: Redefining \] on input line 2954.
)
(D:\Programmi\MikTeX\tex/latex/amsfonts\amssymb.sty
Package: amssymb 2013/01/14 v3.01 AMS font symbols
)
(C:\Users\matti\AppData\Roaming\MiKTeX\tex/latex/amscls\amsthm.sty
Package: amsthm 2020/05/29 v2.20.6
\thm@style=\toks28
\thm@bodyfont=\toks29
\thm@headfont=\toks30
\thm@notefont=\toks31
\thm@headpunct=\toks32
\thm@preskip=\skip53
\thm@postskip=\skip54
\thm@headsep=\skip55
\dth@everypar=\toks33
)
(D:\Programmi\MikTeX\tex/latex/tools\indentfirst.sty
Package: indentfirst 1995/11/23 v1.03 Indent first paragraph (DPC)
)
(C:\Users\matti\AppData\Roaming\MiKTeX\tex/latex/microtype\microtype.sty
Package: microtype 2021/12/10 v3.0b Micro-typographical refinements (RS)
\MT@toks=\toks34
\MT@count=\count281
\MT@tempbox=\box53
LaTeX Info: Redefining \leftprotrusion on input line 1010.
LaTeX Info: Redefining \rightprotrusion on input line 1018.
LaTeX Info: Redefining \textls on input line 1173.
\MT@outer@kern=\dimen161
LaTeX Info: Redefining \textmicrotypecontext on input line 1759.
\MT@listname@count=\count282

(C:\Users\matti\AppData\Roaming\MiKTeX\tex/latex/microtype\microtype-pdftex.def
File: microtype-pdftex.def 2021/12/10 v3.0b Definitions specific to pdftex (RS)

LaTeX Info: Redefining \lsstyle on input line 897.
LaTeX Info: Redefining \lslig on input line 897.
\MT@outer@space=\skip56
)
Package microtype Info: Loading configuration file microtype.cfg.
 (C:\Users\matti\AppData\Roaming\MiKTeX\tex/latex/microtype\microtype.cfg
File: microtype.cfg 2021/12/10 v3.0b microtype main configuration file (RS)
))
(C:\Users\matti\AppData\Roaming\MiKTeX\tex/latex/booktabs\booktabs.sty
Package: booktabs 2020/01/12 v1.61803398 Publication quality tables
\heavyrulewidth=\dimen162
\lightrulewidth=\dimen163
\cmidrulewidth=\dimen164
\belowrulesep=\dimen165
\belowbottomsep=\dimen166
\aboverulesep=\dimen167
\abovetopsep=\dimen168
\cmidrulesep=\dimen169
\cmidrulekern=\dimen170
\defaultaddspace=\dimen171
\@cmidla=\count283
\@cmidlb=\count284
\@aboverulesep=\dimen172
\@belowrulesep=\dimen173
\@thisruleclass=\count285
\@lastruleclass=\count286
\@thisrulewidth=\dimen174
)
(C:\Users\matti\AppData\Roaming\MiKTeX\tex/latex/caption\caption.sty
Package: caption 2020/10/26 v3.5g Customizing captions (AR)

(C:\Users\matti\AppData\Roaming\MiKTeX\tex/latex/caption\caption3.sty
Package: caption3 2020/10/21 v2.2e caption3 kernel (AR)
\captionmargin=\dimen175
\captionmargin@=\dimen176
\captionwidth=\dimen177
\caption@tempdima=\dimen178
\caption@indent=\dimen179
\caption@parindent=\dimen180
\caption@hangindent=\dimen181
Package caption Info: Standard document class detected.
)
\c@caption@flags=\count287
\c@continuedfloat=\count288
)
(D:\Programmi\MikTeX\tex/latex/lm\lmodern.sty
Package: lmodern 2015/05/01 v1.6.1 Latin Modern Fonts
LaTeX Font Info:    Overwriting symbol font `operators' in version `normal'
(Font)                  OT1/cmr/m/n --> OT1/lmr/m/n on input line 22.
LaTeX Font Info:    Overwriting symbol font `letters' in version `normal'
(Font)                  OML/cmm/m/it --> OML/lmm/m/it on input line 23.
LaTeX Font Info:    Overwriting symbol font `symbols' in version `normal'
(Font)                  OMS/cmsy/m/n --> OMS/lmsy/m/n on input line 24.
LaTeX Font Info:    Overwriting symbol font `largesymbols' in version `normal'
(Font)                  OMX/cmex/m/n --> OMX/lmex/m/n on input line 25.
LaTeX Font Info:    Overwriting symbol font `operators' in version `bold'
(Font)                  OT1/cmr/bx/n --> OT1/lmr/bx/n on input line 26.
LaTeX Font Info:    Overwriting symbol font `letters' in version `bold'
(Font)                  OML/cmm/b/it --> OML/lmm/b/it on input line 27.
LaTeX Font Info:    Overwriting symbol font `symbols' in version `bold'
(Font)                  OMS/cmsy/b/n --> OMS/lmsy/b/n on input line 28.
LaTeX Font Info:    Overwriting symbol font `largesymbols' in version `bold'
(Font)                  OMX/cmex/m/n --> OMX/lmex/m/n on input line 29.
LaTeX Font Info:    Overwriting math alphabet `\mathbf' in version `normal'
(Font)                  OT1/cmr/bx/n --> OT1/lmr/bx/n on input line 31.
LaTeX Font Info:    Overwriting math alphabet `\mathsf' in version `normal'
(Font)                  OT1/cmss/m/n --> OT1/lmss/m/n on input line 32.
LaTeX Font Info:    Overwriting math alphabet `\mathit' in version `normal'
(Font)                  OT1/cmr/m/it --> OT1/lmr/m/it on input line 33.
LaTeX Font Info:    Overwriting math alphabet `\mathtt' in version `normal'
(Font)                  OT1/cmtt/m/n --> OT1/lmtt/m/n on input line 34.
LaTeX Font Info:    Overwriting math alphabet `\mathbf' in version `bold'
(Font)                  OT1/cmr/bx/n --> OT1/lmr/bx/n on input line 35.
LaTeX Font Info:    Overwriting math alphabet `\mathsf' in version `bold'
(Font)                  OT1/cmss/bx/n --> OT1/lmss/bx/n on input line 36.
LaTeX Font Info:    Overwriting math alphabet `\mathit' in version `bold'
(Font)                  OT1/cmr/bx/it --> OT1/lmr/bx/it on input line 37.
LaTeX Font Info:    Overwriting math alphabet `\mathtt' in version `bold'
(Font)                  OT1/cmtt/m/n --> OT1/lmtt/m/n on input line 38.
)
(D:\Programmi\MikTeX\tex/latex/braket\braket.sty)
(C:\Users\matti\AppData\Roaming\MiKTeX\tex/latex/mathtools\mathtools.sty
Package: mathtools 2021/04/12 v1.27 mathematical typesetting tools

(D:\Programmi\MikTeX\tex/latex/tools\calc.sty
Package: calc 2017/05/25 v4.3 Infix arithmetic (KKT,FJ)
\calc@Acount=\count289
\calc@Bcount=\count290
\calc@Adimen=\dimen182
\calc@Bdimen=\dimen183
\calc@Askip=\skip57
\calc@Bskip=\skip58
LaTeX Info: Redefining \setlength on input line 80.
LaTeX Info: Redefining \addtolength on input line 81.
\calc@Ccount=\count291
\calc@Cskip=\skip59
)
(C:\Users\matti\AppData\Roaming\MiKTeX\tex/latex/mathtools\mhsetup.sty
Package: mhsetup 2021/03/18 v1.4 programming setup (MH)
)
LaTeX Info: Thecontrolsequence`\('isalreadyrobust on input line 130.
LaTeX Info: Thecontrolsequence`\)'isalreadyrobust on input line 130.
LaTeX Info: Thecontrolsequence`\['isalreadyrobust on input line 130.
LaTeX Info: Thecontrolsequence`\]'isalreadyrobust on input line 130.
\g_MT_multlinerow_int=\count292
\l_MT_multwidth_dim=\dimen184
\origjot=\skip60
\l_MT_shortvdotswithinadjustabove_dim=\dimen185
\l_MT_shortvdotswithinadjustbelow_dim=\dimen186
\l_MT_above_intertext_sep=\dimen187
\l_MT_below_intertext_sep=\dimen188
\l_MT_above_shortintertext_sep=\dimen189
\l_MT_below_shortintertext_sep=\dimen190
\xmathstrut@box=\box54
\xmathstrut@dim=\dimen191
)
(D:\Programmi\MikTeX\tex/latex/emptypage\emptypage.sty
Package: emptypage 2010/05/30 v1.2 Suppress page numbers and headings on empty 
pages
)
(D:\Programmi\MikTeX\tex/latex/tools\afterpage.sty
Package: afterpage 2014/10/28 v1.08 After-Page Package (DPC)
\AP@output=\toks35
\AP@partial=\box55
\AP@footins=\box56
)
(C:\Users\matti\AppData\Roaming\MiKTeX\tex/latex/pdfpages\pdfpages.sty
Package: pdfpages 2021/03/06 v0.5t Insert pages of external PDF documents (AM)

(D:\Programmi\MikTeX\tex/latex/base\ifthen.sty
Package: ifthen 2022/04/13 v1.1d Standard LaTeX ifthen package (DPC)
)
(C:\Users\matti\AppData\Roaming\MiKTeX\tex/latex/eso-pic\eso-pic.sty
Package: eso-pic 2020/10/14 v3.0a eso-pic (RN)
\ESO@tempdima=\dimen192
\ESO@tempdimb=\dimen193

(D:\Programmi\MikTeX\tex/latex/xcolor\xcolor.sty
Package: xcolor 2022/06/12 v2.14 LaTeX color extensions (UK)

(D:\Programmi\MikTeX\tex/latex/graphics-cfg\color.cfg
File: color.cfg 2016/01/02 v1.6 sample color configuration
)
Package xcolor Info: Driver file: pdftex.def on input line 227.

(D:\Programmi\MikTeX\tex/latex/graphics\mathcolor.ltx)
Package xcolor Info: Model `cmy' substituted by `cmy0' on input line 1353.
Package xcolor Info: Model `hsb' substituted by `rgb' on input line 1357.
Package xcolor Info: Model `RGB' extended on input line 1369.
Package xcolor Info: Model `HTML' substituted by `rgb' on input line 1371.
Package xcolor Info: Model `Hsb' substituted by `hsb' on input line 1372.
Package xcolor Info: Model `tHsb' substituted by `hsb' on input line 1373.
Package xcolor Info: Model `HSB' substituted by `hsb' on input line 1374.
Package xcolor Info: Model `Gray' substituted by `gray' on input line 1375.
Package xcolor Info: Model `wave' substituted by `hsb' on input line 1376.
))
\AM@pagewidth=\dimen194
\AM@pageheight=\dimen195
\AM@fboxrule=\dimen196

(D:\Programmi\MikTeX\tex/latex/pdfpages\pppdftex.def
File: pppdftex.def 2022/12/19 v0.5x Pdfpages driver for pdfTeX (AM)
)
\pdfpages@includegraphics@status=\count293
\AM@pagebox=\box57
\AM@global@opts=\toks36
\AM@pagecnt=\count294
\AM@toc@title=\toks37
\c@AM@survey=\count295
\AM@templatesizebox=\box58
)
(D:\Programmi\MikTeX\tex/latex/oberdiek\stackrel.sty
Package: stackrel 2016/05/16 v1.3 Adding subscript option to stackrel (HO)

(D:\Programmi\MikTeX\tex/generic/etexcmds\etexcmds.sty
Package: etexcmds 2019/12/15 v1.7 Avoid name clashes with e-TeX commands (HO)

(D:\Programmi\MikTeX\tex/generic/infwarerr\infwarerr.sty
Package: infwarerr 2019/12/03 v1.5 Providing info/warning/error messages (HO)
))
(D:\Programmi\MikTeX\tex/generic/pdftexcmds\pdftexcmds.sty
Package: pdftexcmds 2020-06-27 v0.33 Utility functions of pdfTeX for LuaTeX (HO
)

(D:\Programmi\MikTeX\tex/generic/ltxcmds\ltxcmds.sty
Package: ltxcmds 2020-05-10 v1.25 LaTeX kernel commands for general use (HO)
)
Package pdftexcmds Info: \pdf@primitive is available.
Package pdftexcmds Info: \pdf@ifprimitive is available.
Package pdftexcmds Info: \pdfdraftmode found.
))
(D:\Programmi\MikTeX\tex/latex/pgfplots\pgfplots.sty
(D:\Programmi\MikTeX\tex/generic/pgfplots\pgfplots.revision.tex)
Package: pgfplots 2021/05/15 v1.18.1 Data Visualization (1.18.1)

(D:\Programmi\MikTeX\tex/latex/pgf/frontendlayer\tikz.sty
(D:\Programmi\MikTeX\tex/latex/pgf/basiclayer\pgf.sty
(D:\Programmi\MikTeX\tex/latex/pgf/utilities\pgfrcs.sty
(D:\Programmi\MikTeX\tex/generic/pgf/utilities\pgfutil-common.tex
\pgfutil@everybye=\toks38
\pgfutil@tempdima=\dimen197
\pgfutil@tempdimb=\dimen198
)
(D:\Programmi\MikTeX\tex/generic/pgf/utilities\pgfutil-latex.def
\pgfutil@abb=\box59
)
(D:\Programmi\MikTeX\tex/generic/pgf/utilities\pgfrcs.code.tex
(D:\Programmi\MikTeX\tex/generic/pgf\pgf.revision.tex)
Package: pgfrcs 2023-01-15 v3.1.10 (3.1.10)
))
Package: pgf 2023-01-15 v3.1.10 (3.1.10)

(D:\Programmi\MikTeX\tex/latex/pgf/basiclayer\pgfcore.sty
(D:\Programmi\MikTeX\tex/latex/pgf/systemlayer\pgfsys.sty
(D:\Programmi\MikTeX\tex/generic/pgf/systemlayer\pgfsys.code.tex
Package: pgfsys 2023-01-15 v3.1.10 (3.1.10)

(D:\Programmi\MikTeX\tex/generic/pgf/utilities\pgfkeys.code.tex
\pgfkeys@pathtoks=\toks39
\pgfkeys@temptoks=\toks40

(D:\Programmi\MikTeX\tex/generic/pgf/utilities\pgfkeyslibraryfiltered.code.tex
\pgfkeys@tmptoks=\toks41
))
\pgf@x=\dimen199
\pgf@y=\dimen256
\pgf@xa=\dimen257
\pgf@ya=\dimen258
\pgf@xb=\dimen259
\pgf@yb=\dimen260
\pgf@xc=\dimen261
\pgf@yc=\dimen262
\pgf@xd=\dimen263
\pgf@yd=\dimen264
\w@pgf@writea=\write3
\r@pgf@reada=\read4
\c@pgf@counta=\count296
\c@pgf@countb=\count297
\c@pgf@countc=\count298
\c@pgf@countd=\count299
\t@pgf@toka=\toks42
\t@pgf@tokb=\toks43
\t@pgf@tokc=\toks44
\pgf@sys@id@count=\count300
 (D:\Programmi\MikTeX\tex/generic/pgf/systemlayer\pgf.cfg
File: pgf.cfg 2023-01-15 v3.1.10 (3.1.10)
)
Driver file for pgf: pgfsys-pdftex.def

(D:\Programmi\MikTeX\tex/generic/pgf/systemlayer\pgfsys-pdftex.def
File: pgfsys-pdftex.def 2023-01-15 v3.1.10 (3.1.10)

(D:\Programmi\MikTeX\tex/generic/pgf/systemlayer\pgfsys-common-pdf.def
File: pgfsys-common-pdf.def 2023-01-15 v3.1.10 (3.1.10)
)))
(D:\Programmi\MikTeX\tex/generic/pgf/systemlayer\pgfsyssoftpath.code.tex
File: pgfsyssoftpath.code.tex 2023-01-15 v3.1.10 (3.1.10)
\pgfsyssoftpath@smallbuffer@items=\count301
\pgfsyssoftpath@bigbuffer@items=\count302
)
(D:\Programmi\MikTeX\tex/generic/pgf/systemlayer\pgfsysprotocol.code.tex
File: pgfsysprotocol.code.tex 2023-01-15 v3.1.10 (3.1.10)
))
(D:\Programmi\MikTeX\tex/generic/pgf/basiclayer\pgfcore.code.tex
Package: pgfcore 2023-01-15 v3.1.10 (3.1.10)

(D:\Programmi\MikTeX\tex/generic/pgf/math\pgfmath.code.tex
(D:\Programmi\MikTeX\tex/generic/pgf/math\pgfmathutil.code.tex)
(D:\Programmi\MikTeX\tex/generic/pgf/math\pgfmathparser.code.tex
\pgfmath@dimen=\dimen265
\pgfmath@count=\count303
\pgfmath@box=\box60
\pgfmath@toks=\toks45
\pgfmath@stack@operand=\toks46
\pgfmath@stack@operation=\toks47
)
(D:\Programmi\MikTeX\tex/generic/pgf/math\pgfmathfunctions.code.tex)
(D:\Programmi\MikTeX\tex/generic/pgf/math\pgfmathfunctions.basic.code.tex)
(D:\Programmi\MikTeX\tex/generic/pgf/math\pgfmathfunctions.trigonometric.code.t
ex) (D:\Programmi\MikTeX\tex/generic/pgf/math\pgfmathfunctions.random.code.tex)
(D:\Programmi\MikTeX\tex/generic/pgf/math\pgfmathfunctions.comparison.code.tex)
(D:\Programmi\MikTeX\tex/generic/pgf/math\pgfmathfunctions.base.code.tex)
(D:\Programmi\MikTeX\tex/generic/pgf/math\pgfmathfunctions.round.code.tex)
(D:\Programmi\MikTeX\tex/generic/pgf/math\pgfmathfunctions.misc.code.tex)
(D:\Programmi\MikTeX\tex/generic/pgf/math\pgfmathfunctions.integerarithmetics.c
ode.tex) (D:\Programmi\MikTeX\tex/generic/pgf/math\pgfmathcalc.code.tex)
(D:\Programmi\MikTeX\tex/generic/pgf/math\pgfmathfloat.code.tex
\c@pgfmathroundto@lastzeros=\count304
))
(D:\Programmi\MikTeX\tex/generic/pgf/math\pgfint.code.tex)
(D:\Programmi\MikTeX\tex/generic/pgf/basiclayer\pgfcorepoints.code.tex
File: pgfcorepoints.code.tex 2023-01-15 v3.1.10 (3.1.10)
\pgf@picminx=\dimen266
\pgf@picmaxx=\dimen267
\pgf@picminy=\dimen268
\pgf@picmaxy=\dimen269
\pgf@pathminx=\dimen270
\pgf@pathmaxx=\dimen271
\pgf@pathminy=\dimen272
\pgf@pathmaxy=\dimen273
\pgf@xx=\dimen274
\pgf@xy=\dimen275
\pgf@yx=\dimen276
\pgf@yy=\dimen277
\pgf@zx=\dimen278
\pgf@zy=\dimen279
)
(D:\Programmi\MikTeX\tex/generic/pgf/basiclayer\pgfcorepathconstruct.code.tex
File: pgfcorepathconstruct.code.tex 2023-01-15 v3.1.10 (3.1.10)
\pgf@path@lastx=\dimen280
\pgf@path@lasty=\dimen281
)
(D:\Programmi\MikTeX\tex/generic/pgf/basiclayer\pgfcorepathusage.code.tex
File: pgfcorepathusage.code.tex 2023-01-15 v3.1.10 (3.1.10)
\pgf@shorten@end@additional=\dimen282
\pgf@shorten@start@additional=\dimen283
)
(D:\Programmi\MikTeX\tex/generic/pgf/basiclayer\pgfcorescopes.code.tex
File: pgfcorescopes.code.tex 2023-01-15 v3.1.10 (3.1.10)
\pgfpic=\box61
\pgf@hbox=\box62
\pgf@layerbox@main=\box63
\pgf@picture@serial@count=\count305
)
(D:\Programmi\MikTeX\tex/generic/pgf/basiclayer\pgfcoregraphicstate.code.tex
File: pgfcoregraphicstate.code.tex 2023-01-15 v3.1.10 (3.1.10)
\pgflinewidth=\dimen284
)
(D:\Programmi\MikTeX\tex/generic/pgf/basiclayer\pgfcoretransformations.code.tex
File: pgfcoretransformations.code.tex 2023-01-15 v3.1.10 (3.1.10)
\pgf@pt@x=\dimen285
\pgf@pt@y=\dimen286
\pgf@pt@temp=\dimen287
) (D:\Programmi\MikTeX\tex/generic/pgf/basiclayer\pgfcorequick.code.tex
File: pgfcorequick.code.tex 2023-01-15 v3.1.10 (3.1.10)
)
(D:\Programmi\MikTeX\tex/generic/pgf/basiclayer\pgfcoreobjects.code.tex
File: pgfcoreobjects.code.tex 2023-01-15 v3.1.10 (3.1.10)
)
(D:\Programmi\MikTeX\tex/generic/pgf/basiclayer\pgfcorepathprocessing.code.tex
File: pgfcorepathprocessing.code.tex 2023-01-15 v3.1.10 (3.1.10)
) (D:\Programmi\MikTeX\tex/generic/pgf/basiclayer\pgfcorearrows.code.tex
File: pgfcorearrows.code.tex 2023-01-15 v3.1.10 (3.1.10)
\pgfarrowsep=\dimen288
)
(D:\Programmi\MikTeX\tex/generic/pgf/basiclayer\pgfcoreshade.code.tex
File: pgfcoreshade.code.tex 2023-01-15 v3.1.10 (3.1.10)
\pgf@max=\dimen289
\pgf@sys@shading@range@num=\count306
\pgf@shadingcount=\count307
)
(D:\Programmi\MikTeX\tex/generic/pgf/basiclayer\pgfcoreimage.code.tex
File: pgfcoreimage.code.tex 2023-01-15 v3.1.10 (3.1.10)
)
(D:\Programmi\MikTeX\tex/generic/pgf/basiclayer\pgfcoreexternal.code.tex
File: pgfcoreexternal.code.tex 2023-01-15 v3.1.10 (3.1.10)
\pgfexternal@startupbox=\box64
)
(D:\Programmi\MikTeX\tex/generic/pgf/basiclayer\pgfcorelayers.code.tex
File: pgfcorelayers.code.tex 2023-01-15 v3.1.10 (3.1.10)
)
(D:\Programmi\MikTeX\tex/generic/pgf/basiclayer\pgfcoretransparency.code.tex
File: pgfcoretransparency.code.tex 2023-01-15 v3.1.10 (3.1.10)
)
(D:\Programmi\MikTeX\tex/generic/pgf/basiclayer\pgfcorepatterns.code.tex
File: pgfcorepatterns.code.tex 2023-01-15 v3.1.10 (3.1.10)
)
(D:\Programmi\MikTeX\tex/generic/pgf/basiclayer\pgfcorerdf.code.tex
File: pgfcorerdf.code.tex 2023-01-15 v3.1.10 (3.1.10)
)))
(D:\Programmi\MikTeX\tex/generic/pgf/modules\pgfmoduleshapes.code.tex
File: pgfmoduleshapes.code.tex 2023-01-15 v3.1.10 (3.1.10)
\pgfnodeparttextbox=\box65
)
(D:\Programmi\MikTeX\tex/generic/pgf/modules\pgfmoduleplot.code.tex
File: pgfmoduleplot.code.tex 2023-01-15 v3.1.10 (3.1.10)
)
(D:\Programmi\MikTeX\tex/latex/pgf/compatibility\pgfcomp-version-0-65.sty
Package: pgfcomp-version-0-65 2023-01-15 v3.1.10 (3.1.10)
\pgf@nodesepstart=\dimen290
\pgf@nodesepend=\dimen291
)
(D:\Programmi\MikTeX\tex/latex/pgf/compatibility\pgfcomp-version-1-18.sty
Package: pgfcomp-version-1-18 2023-01-15 v3.1.10 (3.1.10)
))
(D:\Programmi\MikTeX\tex/latex/pgf/utilities\pgffor.sty
(D:\Programmi\MikTeX\tex/latex/pgf/utilities\pgfkeys.sty
(D:\Programmi\MikTeX\tex/generic/pgf/utilities\pgfkeys.code.tex))
(D:\Programmi\MikTeX\tex/latex/pgf/math\pgfmath.sty
(D:\Programmi\MikTeX\tex/generic/pgf/math\pgfmath.code.tex))
(D:\Programmi\MikTeX\tex/generic/pgf/utilities\pgffor.code.tex
Package: pgffor 2023-01-15 v3.1.10 (3.1.10)
\pgffor@iter=\dimen292
\pgffor@skip=\dimen293
\pgffor@stack=\toks48
\pgffor@toks=\toks49
))
(D:\Programmi\MikTeX\tex/generic/pgf/frontendlayer/tikz\tikz.code.tex
Package: tikz 2023-01-15 v3.1.10 (3.1.10)

(D:\Programmi\MikTeX\tex/generic/pgf/libraries\pgflibraryplothandlers.code.tex
File: pgflibraryplothandlers.code.tex 2023-01-15 v3.1.10 (3.1.10)
\pgf@plot@mark@count=\count308
\pgfplotmarksize=\dimen294
)
\tikz@lastx=\dimen295
\tikz@lasty=\dimen296
\tikz@lastxsaved=\dimen297
\tikz@lastysaved=\dimen298
\tikz@lastmovetox=\dimen299
\tikz@lastmovetoy=\dimen300
\tikzleveldistance=\dimen301
\tikzsiblingdistance=\dimen302
\tikz@figbox=\box66
\tikz@figbox@bg=\box67
\tikz@tempbox=\box68
\tikz@tempbox@bg=\box69
\tikztreelevel=\count309
\tikznumberofchildren=\count310
\tikznumberofcurrentchild=\count311
\tikz@fig@count=\count312
(D:\Programmi\MikTeX\tex/generic/pgf/modules\pgfmodulematrix.code.tex
File: pgfmodulematrix.code.tex 2023-01-15 v3.1.10 (3.1.10)
\pgfmatrixcurrentrow=\count313
\pgfmatrixcurrentcolumn=\count314
\pgf@matrix@numberofcolumns=\count315
)
\tikz@expandcount=\count316

(D:\Programmi\MikTeX\tex/generic/pgf/frontendlayer/tikz/libraries\tikzlibraryto
paths.code.tex
File: tikzlibrarytopaths.code.tex 2023-01-15 v3.1.10 (3.1.10)
))) (D:\Programmi\MikTeX\tex/generic/pgfplots\pgfplots.code.tex
(D:\Programmi\MikTeX\tex/generic/pgfplots\pgfplotscore.code.tex
\t@pgfplots@toka=\toks50
\t@pgfplots@tokb=\toks51
\t@pgfplots@tokc=\toks52
\pgfplots@tmpa=\dimen303
\c@pgfplots@coordindex=\count317
\c@pgfplots@scanlineindex=\count318

(D:\Programmi\MikTeX\tex/generic/pgfplots/sys\pgfplotssysgeneric.code.tex))
(D:\Programmi\MikTeX\tex/generic/pgfplots/libs\pgfplotslibrary.code.tex)
(D:\Programmi\MikTeX\tex/generic/pgfplots/oldpgfcompatib\pgfplotsoldpgfsupp_loa
der.code.tex
(D:\Programmi\MikTeX\tex/generic/pgf/libraries\pgflibraryfpu.code.tex)
Package pgfplots: loading complementary utilities for your pgf version...
\t@pgf@toka=\toks53
\t@pgf@tokb=\toks54
\t@pgf@tokc=\toks55

(D:\Programmi\MikTeX\tex/generic/pgfplots/oldpgfcompatib\pgfplotsoldpgfsupp_pgf
util-common-lists.tex))
(D:\Programmi\MikTeX\tex/generic/pgfplots/util\pgfplotsutil.code.tex
(D:\Programmi\MikTeX\tex/generic/pgfplots/liststructure\pgfplotsliststructure.c
ode.tex)
(D:\Programmi\MikTeX\tex/generic/pgfplots/liststructure\pgfplotsliststructureex
t.code.tex)
(D:\Programmi\MikTeX\tex/generic/pgfplots/liststructure\pgfplotsarray.code.tex
\c@pgfplotsarray@tmp=\count319
)
(D:\Programmi\MikTeX\tex/generic/pgfplots/liststructure\pgfplotsmatrix.code.tex
)
(D:\Programmi\MikTeX\tex/generic/pgfplots/numtable\pgfplotstableshared.code.tex
\c@pgfplotstable@counta=\count320
\t@pgfplotstable@a=\toks56
)
(D:\Programmi\MikTeX\tex/generic/pgfplots/liststructure\pgfplotsdeque.code.tex)
(D:\Programmi\MikTeX\tex/generic/pgfplots/util\pgfplotsbinary.code.tex
(D:\Programmi\MikTeX\tex/generic/pgfplots/util\pgfplotsbinary.data.code.tex))
(D:\Programmi\MikTeX\tex/generic/pgfplots/util\pgfplotsutil.verb.code.tex)
(D:\Programmi\MikTeX\tex/generic/pgfplots/libs\pgflibrarypgfplots.surfshading.c
ode.tex
\c@pgfplotslibrarysurf@no=\count321

(D:\Programmi\MikTeX\tex/generic/pgfplots/sys\pgflibrarypgfplots.surfshading.pg
fsys-pdftex.def)))
(D:\Programmi\MikTeX\tex/generic/pgfplots/util\pgfplotscolormap.code.tex
(D:\Programmi\MikTeX\tex/generic/pgfplots/util\pgfplotscolor.code.tex))
(D:\Programmi\MikTeX\tex/generic/pgfplots\pgfplotsstackedplots.code.tex)
(D:\Programmi\MikTeX\tex/generic/pgfplots\pgfplotsplothandlers.code.tex
(D:\Programmi\MikTeX\tex/generic/pgfplots\pgfplotsmeshplothandler.code.tex
(D:\Programmi\MikTeX\tex/generic/pgfplots\pgfplotsmeshplotimage.code.tex)))
(D:\Programmi\MikTeX\tex/generic/pgfplots\pgfplots.scaling.code.tex)
(D:\Programmi\MikTeX\tex/generic/pgfplots\pgfplotscoordprocessing.code.tex)
(D:\Programmi\MikTeX\tex/generic/pgfplots\pgfplots.errorbars.code.tex)
(D:\Programmi\MikTeX\tex/generic/pgfplots\pgfplots.markers.code.tex)
(D:\Programmi\MikTeX\tex/generic/pgfplots\pgfplotsticks.code.tex)
(D:\Programmi\MikTeX\tex/generic/pgfplots\pgfplots.paths.code.tex)
(D:\Programmi\MikTeX\tex/generic/pgf/frontendlayer/tikz/libraries\tikzlibraryde
corations.code.tex
(D:\Programmi\MikTeX\tex/generic/pgf/modules\pgfmoduledecorations.code.tex
\pgfdecoratedcompleteddistance=\dimen304
\pgfdecoratedremainingdistance=\dimen305
\pgfdecoratedinputsegmentcompleteddistance=\dimen306
\pgfdecoratedinputsegmentremainingdistance=\dimen307
\pgf@decorate@distancetomove=\dimen308
\pgf@decorate@repeatstate=\count322
\pgfdecorationsegmentamplitude=\dimen309
\pgfdecorationsegmentlength=\dimen310
)
\tikz@lib@dec@box=\box70
)
(D:\Programmi\MikTeX\tex/generic/pgf/frontendlayer/tikz/libraries\tikzlibraryde
corations.pathmorphing.code.tex
(D:\Programmi\MikTeX\tex/generic/pgf/libraries/decorations\pgflibrarydecoration
s.pathmorphing.code.tex))
(D:\Programmi\MikTeX\tex/generic/pgf/frontendlayer/tikz/libraries\tikzlibraryde
corations.pathreplacing.code.tex
(D:\Programmi\MikTeX\tex/generic/pgf/libraries/decorations\pgflibrarydecoration
s.pathreplacing.code.tex))
(D:\Programmi\MikTeX\tex/generic/pgfplots/libs\tikzlibrarypgfplots.contourlua.c
ode.tex)
\pgfplots@numplots=\count323
\pgfplots@xmin@reg=\dimen311
\pgfplots@xmax@reg=\dimen312
\pgfplots@ymin@reg=\dimen313
\pgfplots@ymax@reg=\dimen314
\pgfplots@zmin@reg=\dimen315
\pgfplots@zmax@reg=\dimen316
)
(D:\Programmi\MikTeX\tex/generic/pgf/frontendlayer/tikz/libraries\tikzlibrarypl
otmarks.code.tex
File: tikzlibraryplotmarks.code.tex 2023-01-15 v3.1.10 (3.1.10)

(D:\Programmi\MikTeX\tex/generic/pgf/libraries\pgflibraryplotmarks.code.tex
File: pgflibraryplotmarks.code.tex 2023-01-15 v3.1.10 (3.1.10)
)))
(D:\Programmi\MikTeX\tex/latex/multirow\multirow.sty
Package: multirow 2021/03/15 v2.8 Span multiple rows of a table
\multirow@colwidth=\skip61
\multirow@cntb=\count324
\multirow@dima=\skip62
\bigstrutjot=\dimen317
)
(D:\Programmi\MikTeX\tex/latex/imakeidx\imakeidx.sty
Package: imakeidx 2016/10/15 v1.3e Package for typesetting indices in a synchro
nous mode

(D:\Programmi\MikTeX\tex/latex/xkeyval\xkeyval.sty
Package: xkeyval 2022/06/16 v2.9 package option processing (HA)

(D:\Programmi\MikTeX\tex/generic/xkeyval\xkeyval.tex
(D:\Programmi\MikTeX\tex/generic/xkeyval\xkvutils.tex
\XKV@toks=\toks57
\XKV@tempa@toks=\toks58
)
\XKV@depth=\count325
File: xkeyval.tex 2014/12/03 v2.7a key=value parser (HA)
))
(D:\Programmi\MikTeX\tex/generic/iftex\ifxetex.sty
Package: ifxetex 2019/10/25 v0.7 ifxetex legacy package. Use iftex instead.
)
(D:\Programmi\MikTeX\tex/generic/iftex\ifluatex.sty
Package: ifluatex 2019/10/25 v1.5 ifluatex legacy package. Use iftex instead.
)
(D:\Programmi\MikTeX\tex/latex/tools\multicol.sty
Package: multicol 2021/11/30 v1.9d multicolumn formatting (FMi)
\c@tracingmulticols=\count326
\mult@box=\box71
\multicol@leftmargin=\dimen318
\c@unbalance=\count327
\c@collectmore=\count328
\doublecol@number=\count329
\multicoltolerance=\count330
\multicolpretolerance=\count331
\full@width=\dimen319
\page@free=\dimen320
\premulticols=\dimen321
\postmulticols=\dimen322
\multicolsep=\skip63
\multicolbaselineskip=\skip64
\partial@page=\box72
\last@line=\box73
\maxbalancingoverflow=\dimen323
\mult@rightbox=\box74
\mult@grightbox=\box75
\mult@firstbox=\box76
\mult@gfirstbox=\box77
\@tempa=\box78
\@tempa=\box79
\@tempa=\box80
\@tempa=\box81
\@tempa=\box82
\@tempa=\box83
\@tempa=\box84
\@tempa=\box85
\@tempa=\box86
\@tempa=\box87
\@tempa=\box88
\@tempa=\box89
\@tempa=\box90
\@tempa=\box91
\@tempa=\box92
\@tempa=\box93
\@tempa=\box94
\@tempa=\box95
\@tempa=\box96
\@tempa=\box97
\@tempa=\box98
\@tempa=\box99
\@tempa=\box100
\@tempa=\box101
\@tempa=\box102
\@tempa=\box103
\@tempa=\box104
\@tempa=\box105
\@tempa=\box106
\@tempa=\box107
\@tempa=\box108
\@tempa=\box109
\@tempa=\box110
\@tempa=\box111
\@tempa=\box112
\@tempa=\box113
\c@minrows=\count332
\c@columnbadness=\count333
\c@finalcolumnbadness=\count334
\last@try=\dimen324
\multicolovershoot=\dimen325
\multicolundershoot=\dimen326
\mult@nat@firstbox=\box114
\colbreak@box=\box115
\mc@col@check@num=\count335
))
(D:\Programmi\MikTeX\tex/latex/bold-extra\bold-extra.sty
Package: bold-extra 2001/11/13 v0.1 Use fonts from cm/mf-extra/bold
)
(D:\Programmi\MikTeX\tex/latex/extpfeil\extpfeil.sty
Package: extpfeil 2009/10/31 v0.4 Extensible Pfeile (PE)

(D:\Programmi\MikTeX\tex/latex/stmaryrd\stmaryrd.sty
Package: stmaryrd 1994/03/03 St Mary's Road symbol package
\symstmry=\mathgroup8
LaTeX Font Info:    Overwriting symbol font `stmry' in version `bold'
(Font)                  U/stmry/m/n --> U/stmry/b/n on input line 89.
))
(C:\Users\matti\AppData\Roaming\MiKTeX\tex/latex/comment\comment.sty
\CommentStream=\write4

Excluding comment 'comment')
(D:\Programmi\MikTeX\tex/latex/fancyhdr\fancyhdr.sty
Package: fancyhdr 2022/11/09 v4.1 Extensive control of page headers and footers

\f@nch@headwidth=\skip65
\f@nch@O@elh=\skip66
\f@nch@O@erh=\skip67
\f@nch@O@olh=\skip68
\f@nch@O@orh=\skip69
\f@nch@O@elf=\skip70
\f@nch@O@erf=\skip71
\f@nch@O@olf=\skip72
\f@nch@O@orf=\skip73
)
(D:\Programmi\MikTeX\tex/latex/tools\enumerate.sty
Package: enumerate 2015/07/23 v3.00 enumerate extensions (DPC)
\@enLab=\toks59
)
(D:\Programmi\MikTeX\tex/latex/wasysym\wasysym.sty
Package: wasysym 2020/01/19 v2.4 Wasy-2 symbol support package
\symwasy=\mathgroup9
LaTeX Font Info:    Overwriting symbol font `wasy' in version `bold'
(Font)                  U/wasy/m/n --> U/wasy/b/n on input line 93.
)
(D:\Programmi\MikTeX\tex/latex/esint\esint.sty
Package: esint 
\symlargesymbolsA=\mathgroup10
)
\analitico@idxfile=\write5
\openout5 = `analitico.idx'.


Writing index file analitico.idx
\simboli@idxfile=\write6
\openout6 = `simboli.idx'.

Writing index file simboli.idx
(D:\Programmi\MikTeX\tex/latex/hyperref\hyperref.sty
Package: hyperref 2022-11-13 v7.00u Hypertext links for LaTeX

(D:\Programmi\MikTeX\tex/latex/kvsetkeys\kvsetkeys.sty
Package: kvsetkeys 2022-10-05 v1.19 Key value parser (HO)
)
(D:\Programmi\MikTeX\tex/generic/kvdefinekeys\kvdefinekeys.sty
Package: kvdefinekeys 2019-12-19 v1.6 Define keys (HO)
)
(D:\Programmi\MikTeX\tex/generic/pdfescape\pdfescape.sty
Package: pdfescape 2019/12/09 v1.15 Implements pdfTeX's escape features (HO)
)
(D:\Programmi\MikTeX\tex/latex/hycolor\hycolor.sty
Package: hycolor 2020-01-27 v1.10 Color options for hyperref/bookmark (HO)
)
(D:\Programmi\MikTeX\tex/latex/letltxmacro\letltxmacro.sty
Package: letltxmacro 2019/12/03 v1.6 Let assignment for LaTeX macros (HO)
)
(D:\Programmi\MikTeX\tex/latex/auxhook\auxhook.sty
Package: auxhook 2019-12-17 v1.6 Hooks for auxiliary files (HO)
)
(D:\Programmi\MikTeX\tex/latex/hyperref\nameref.sty
Package: nameref 2022-05-17 v2.50 Cross-referencing by name of section

(D:\Programmi\MikTeX\tex/latex/refcount\refcount.sty
Package: refcount 2019/12/15 v3.6 Data extraction from label references (HO)
)
(D:\Programmi\MikTeX\tex/generic/gettitlestring\gettitlestring.sty
Package: gettitlestring 2019/12/15 v1.6 Cleanup title references (HO)

(D:\Programmi\MikTeX\tex/latex/kvoptions\kvoptions.sty
Package: kvoptions 2022-06-15 v3.15 Key value format for package options (HO)
))
\c@section@level=\count336
)
\@linkdim=\dimen327
\Hy@linkcounter=\count337
\Hy@pagecounter=\count338

(D:\Programmi\MikTeX\tex/latex/hyperref\pd1enc.def
File: pd1enc.def 2022-11-13 v7.00u Hyperref: PDFDocEncoding definition (HO)
Now handling font encoding PD1 ...
... no UTF-8 mapping file for font encoding PD1
)
(D:\Programmi\MikTeX\tex/generic/intcalc\intcalc.sty
Package: intcalc 2019/12/15 v1.3 Expandable calculations with integers (HO)
)
\Hy@SavedSpaceFactor=\count339

(D:\Programmi\MikTeX\tex/latex/hyperref\puenc.def
File: puenc.def 2022-11-13 v7.00u Hyperref: PDF Unicode definition (HO)
Now handling font encoding PU ...
... no UTF-8 mapping file for font encoding PU
)
Package hyperref Info: Option `colorlinks' set `true' on input line 4045.
Package hyperref Info: Hyper figures OFF on input line 4162.
Package hyperref Info: Link nesting OFF on input line 4167.
Package hyperref Info: Hyper index ON on input line 4170.
Package hyperref Info: Plain pages OFF on input line 4177.
Package hyperref Info: Backreferencing OFF on input line 4182.
Package hyperref Info: Implicit mode ON; LaTeX internals redefined.
Package hyperref Info: Bookmarks ON on input line 4410.
\c@Hy@tempcnt=\count340

(D:\Programmi\MikTeX\tex/latex/url\url.sty
\Urlmuskip=\muskip17
Package: url 2013/09/16  ver 3.4  Verb mode for urls, etc.
)
LaTeX Info: Redefining \url on input line 4748.
\XeTeXLinkMargin=\dimen328

(D:\Programmi\MikTeX\tex/generic/bitset\bitset.sty
Package: bitset 2019/12/09 v1.3 Handle bit-vector datatype (HO)

(D:\Programmi\MikTeX\tex/generic/bigintcalc\bigintcalc.sty
Package: bigintcalc 2019/12/15 v1.5 Expandable calculations on big integers (HO
)
))
\Fld@menulength=\count341
\Field@Width=\dimen329
\Fld@charsize=\dimen330
Package hyperref Info: Hyper figures OFF on input line 6027.
Package hyperref Info: Link nesting OFF on input line 6032.
Package hyperref Info: Hyper index ON on input line 6035.
Package hyperref Info: backreferencing OFF on input line 6042.
Package hyperref Info: Link coloring ON on input line 6045.
Package hyperref Info: Link coloring with OCG OFF on input line 6052.
Package hyperref Info: PDF/A mode OFF on input line 6057.

(D:\Programmi\MikTeX\tex/latex/base\atbegshi-ltx.sty
Package: atbegshi-ltx 2021/01/10 v1.0c Emulation of the original atbegshi
package with kernel methods
)
\Hy@abspage=\count342
\c@Item=\count343
\c@Hfootnote=\count344
)
Package hyperref Info: Driver (autodetected): hpdftex.

(D:\Programmi\MikTeX\tex/latex/hyperref\hpdftex.def
File: hpdftex.def 2022-11-13 v7.00u Hyperref driver for pdfTeX

(D:\Programmi\MikTeX\tex/latex/base\atveryend-ltx.sty
Package: atveryend-ltx 2020/08/19 v1.0a Emulation of the original atveryend pac
kage
with kernel methods
)
\Fld@listcount=\count345
\c@bookmark@seq@number=\count346

(D:\Programmi\MikTeX\tex/latex/rerunfilecheck\rerunfilecheck.sty
Package: rerunfilecheck 2022-07-10 v1.10 Rerun checks for auxiliary files (HO)

(D:\Programmi\MikTeX\tex/generic/uniquecounter\uniquecounter.sty
Package: uniquecounter 2019/12/15 v1.4 Provide unlimited unique counter (HO)
)
Package uniquecounter Info: New unique counter `rerunfilecheck' on input line 2
85.
)
\Hy@SectionHShift=\skip74
)
Package hyperref Info: Option `colorlinks' set `true' on input line 120.
LaTeX Font Info:    Trying to load font information for T1+lmr on input line 12
8.

(D:\Programmi\MikTeX\tex/latex/lm\t1lmr.fd
File: t1lmr.fd 2015/05/01 v1.6.1 Font defs for Latin Modern
)
(D:\Programmi\MikTeX\tex/latex/l3backend\l3backend-pdftex.def
File: l3backend-pdftex.def 2023-01-16 L3 backend support: PDF output (pdfTeX)
\l__color_backend_stack_int=\count347
\l__pdf_internal_box=\box116
) (afed.aux)
\openout1 = `afed.aux'.

LaTeX Font Info:    Checking defaults for OML/cmm/m/it on input line 128.
LaTeX Font Info:    ... okay on input line 128.
LaTeX Font Info:    Checking defaults for OMS/cmsy/m/n on input line 128.
LaTeX Font Info:    ... okay on input line 128.
LaTeX Font Info:    Checking defaults for OT1/cmr/m/n on input line 128.
LaTeX Font Info:    ... okay on input line 128.
LaTeX Font Info:    Checking defaults for T1/cmr/m/n on input line 128.
LaTeX Font Info:    ... okay on input line 128.
LaTeX Font Info:    Checking defaults for TS1/cmr/m/n on input line 128.
LaTeX Font Info:    ... okay on input line 128.
LaTeX Font Info:    Checking defaults for OMX/cmex/m/n on input line 128.
LaTeX Font Info:    ... okay on input line 128.
LaTeX Font Info:    Checking defaults for U/cmr/m/n on input line 128.
LaTeX Font Info:    ... okay on input line 128.
LaTeX Font Info:    Checking defaults for PD1/pdf/m/n on input line 128.
LaTeX Font Info:    ... okay on input line 128.
LaTeX Font Info:    Checking defaults for PU/pdf/m/n on input line 128.
LaTeX Font Info:    ... okay on input line 128.

*geometry* driver: auto-detecting
*geometry* detected driver: pdftex
*geometry* verbose mode - [ preamble ] result:
* driver: pdftex
* paper: a4paper
* layout: <same size as paper>
* layoutoffset:(h,v)=(0.0pt,0.0pt)
* modes: twoside 
* h-part:(L,W,R)=(73.97733pt, 449.55322pt, 73.97733pt)
* v-part:(T,H,B)=(88.2037pt, 660.10396pt, 96.73918pt)
* \paperwidth=597.50787pt
* \paperheight=845.04684pt
* \textwidth=449.55322pt
* \textheight=660.10396pt
* \oddsidemargin=1.70734pt
* \evensidemargin=1.70734pt
* \topmargin=-15.94008pt
* \headheight=12.0pt
* \headsep=19.8738pt
* \topskip=12.0pt
* \footskip=30.0pt
* \marginparwidth=88.0pt
* \marginparsep=7.0pt
* \columnsep=10.0pt
* \skip\footins=10.8pt plus 4.0pt minus 2.0pt
* \hoffset=0.0pt
* \voffset=0.0pt
* \mag=1000
* \@twocolumnfalse
* \@twosidetrue
* \@mparswitchtrue
* \@reversemarginfalse
* (1in=72.27pt=25.4mm, 1cm=28.453pt)

LaTeX Info: Redefining \it@ocap on input line 128.
LaTeX Info: Redefining \it@ccap on input line 128.
(D:\Programmi\MikTeX\tex/context/base/mkii\supp-pdf.mkii
[Loading MPS to PDF converter (version 2006.09.02).]
\scratchcounter=\count348
\scratchdimen=\dimen331
\scratchbox=\box117
\nofMPsegments=\count349
\nofMParguments=\count350
\everyMPshowfont=\toks60
\MPscratchCnt=\count351
\MPscratchDim=\dimen332
\MPnumerator=\count352
\makeMPintoPDFobject=\count353
\everyMPtoPDFconversion=\toks61
) (D:\Programmi\MikTeX\tex/latex/epstopdf-pkg\epstopdf-base.sty
Package: epstopdf-base 2020-01-24 v2.11 Base part for package epstopdf
Package epstopdf-base Info: Redefining graphics rule for `.eps' on input line 4
85.

(D:\Programmi\MikTeX\tex/latex/00miktex\epstopdf-sys.cfg
File: epstopdf-sys.cfg 2021/03/18 v2.0 Configuration of epstopdf for MiKTeX
))
LaTeX Info: Redefining \microtypecontext on input line 128.
Package microtype Info: Applying patch `item' on input line 128.
Package microtype Info: Applying patch `toc' on input line 128.


Package microtype Warning: Unable to apply patch `eqnum' on input line 128.

Package microtype Info: Applying patch `footnote' on input line 128.
Package microtype Info: Generating PDF output.
Package microtype Info: Character protrusion enabled (level 2).
Package microtype Info: Using default protrusion set `alltext'.
Package microtype Info: Automatic font expansion enabled (level 2),
(microtype)             stretch: 20, shrink: 20, step: 1, non-selected.
Package microtype Info: Using default expansion set `alltext-nott'.
LaTeX Info: Redefining \showhyphens on input line 128.
Package microtype Info: No adjustment of tracking.
Package microtype Info: No adjustment of interword spacing.
Package microtype Info: No adjustment of character kerning.
(C:\Users\matti\AppData\Roaming\MiKTeX\tex/latex/microtype\mt-cmr.cfg
File: mt-cmr.cfg 2013/05/19 v2.2 microtype config. file: Computer Modern Roman 
(RS)
)
Package caption Info: Begin \AtBeginDocument code.
Package caption Info: hyperref package is loaded.
Package caption Info: End \AtBeginDocument code.

(D:\Programmi\MikTeX\tex/latex/pdflscape\pdflscape.sty
Package: pdflscape 2022-10-27 v0.13 Display of landscape pages in PDF

(D:\Programmi\MikTeX\tex/latex/pdflscape\pdflscape-nometadata.sty
Package: pdflscape-nometadata 2022-10-28 v0.13 Display of landscape pages in PD
F (HO)

(D:\Programmi\MikTeX\tex/latex/graphics\lscape.sty
Package: lscape 2020/05/28 v3.02 Landscape Pages (DPC)
)
Package pdflscape Info: Auto-detected driver: pdftex on input line 81.
))
Package pgfplots notification 'compat/show suggested version=true': document ha
s been generated with the most recent feature set (\pgfplotsset{compat=1.18}).

Package hyperref Info: Link coloring ON on input line 128.
(afed.out) (afed.out)
\@outlinefile=\write7
\openout7 = `afed.out'.

 (MaterialeInizialeFinale/Frontespizio/frontespizio.tex
[1


{C:/Users/matti/AppData/Local/MiKTeX/fonts/map/pdftex/pdftex.map}] [2])
(MaterialeInizialeFinale/Ringraziamenti/ringraziamenti.tex
LaTeX Font Info:    Trying to load font information for OT1+lmr on input line 1
7.

(D:\Programmi\MikTeX\tex/latex/lm\ot1lmr.fd
File: ot1lmr.fd 2015/05/01 v1.6.1 Font defs for Latin Modern
)
LaTeX Font Info:    Trying to load font information for OML+lmm on input line 1
7.

(D:\Programmi\MikTeX\tex/latex/lm\omllmm.fd
File: omllmm.fd 2015/05/01 v1.6.1 Font defs for Latin Modern
)
LaTeX Font Info:    Trying to load font information for OMS+lmsy on input line 
17.

(D:\Programmi\MikTeX\tex/latex/lm\omslmsy.fd
File: omslmsy.fd 2015/05/01 v1.6.1 Font defs for Latin Modern
)
LaTeX Font Info:    Trying to load font information for OMX+lmex on input line 
17.

(D:\Programmi\MikTeX\tex/latex/lm\omxlmex.fd
File: omxlmex.fd 2015/05/01 v1.6.1 Font defs for Latin Modern
)
LaTeX Font Info:    External font `lmex10' loaded for size
(Font)              <12> on input line 17.
LaTeX Font Info:    External font `lmex10' loaded for size
(Font)              <8> on input line 17.
LaTeX Font Info:    External font `lmex10' loaded for size
(Font)              <6> on input line 17.
LaTeX Font Info:    Trying to load font information for U+lasy on input line 17
.

(D:\Programmi\MikTeX\tex/latex/base\ulasy.fd
File: ulasy.fd 1998/08/17 v2.2e LaTeX symbol font definitions
)
LaTeX Font Info:    Trying to load font information for U+msa on input line 17.


(D:\Programmi\MikTeX\tex/latex/amsfonts\umsa.fd
File: umsa.fd 2013/01/14 v3.01 AMS symbols A
)
(C:\Users\matti\AppData\Roaming\MiKTeX\tex/latex/microtype\mt-msa.cfg
File: mt-msa.cfg 2006/02/04 v1.1 microtype config. file: AMS symbols (a) (RS)
)
LaTeX Font Info:    Trying to load font information for U+msb on input line 17.


(D:\Programmi\MikTeX\tex/latex/amsfonts\umsb.fd
File: umsb.fd 2013/01/14 v3.01 AMS symbols B
)
(C:\Users\matti\AppData\Roaming\MiKTeX\tex/latex/microtype\mt-msb.cfg
File: mt-msb.cfg 2005/06/01 v1.0 microtype config. file: AMS symbols (b) (RS)
)
LaTeX Font Info:    Trying to load font information for U+rsfs on input line 17
.

(D:\Programmi\MikTeX\tex/latex/jknappen\ursfs.fd
File: ursfs.fd 1998/03/24 rsfs font definition file (jk)
)
LaTeX Font Info:    Trying to load font information for U+stmry on input line 1
7.

(D:\Programmi\MikTeX\tex/latex/stmaryrd\ustmry.fd)
LaTeX Font Info:    Trying to load font information for U+wasy on input line 17
.

(D:\Programmi\MikTeX\tex/latex/wasysym\uwasy.fd
File: uwasy.fd 2020/01/19 v2.4 Wasy-2 symbol font definitions
)
LaTeX Font Info:    Trying to load font information for U+esint on input line 1
7.

(D:\Programmi\MikTeX\tex/latex/esint\uesint.fd
File: uesint.fd 
)
LaTeX Font Info:    Trying to load font information for T1+lmtt on input line 1
7.

(D:\Programmi\MikTeX\tex/latex/lm\t1lmtt.fd
File: t1lmtt.fd 2015/05/01 v1.6.1 Font defs for Latin Modern
)
Package microtype Info: Loading generic protrusion settings for font family
(microtype)             `lmtt' (encoding: T1).
(microtype)             For optimal results, create family-specific settings.
(microtype)             See the microtype manual for details.
LaTeX Font Info:    Trying to load font information for TS1+lmr on input line 2
3.

(D:\Programmi\MikTeX\tex/latex/lm\ts1lmr.fd
File: ts1lmr.fd 2015/05/01 v1.6.1 Font defs for Latin Modern
)) [3] [4

] (afed.toc [5])
\tf@toc=\write8
\openout8 = `afed.toc'.


(Capitoli/Preliminari/preliminari.tex [6]
LaTeX Font Info:    External font `lmex10' loaded for size
(Font)              <10> on input line 27.
LaTeX Font Info:    External font `lmex10' loaded for size
(Font)              <7> on input line 27.
LaTeX Font Info:    External font `lmex10' loaded for size
(Font)              <5> on input line 27.
 [7

] [8] [9] [10]
Underfull \vbox (badness 10000) has occurred while \output is active []

 [11]
[12] [13]
Underfull \vbox (badness 2150) has occurred while \output is active []

 [14]
Underfull \vbox (badness 2035) has occurred while \output is active []

 [15]
[16] [17] [18] [19]

LaTeX Warning: Reference `teo:reflexive_iff' on page 20 undefined on input line
 395.


LaTeX Warning: Reference `teo:refl_subspace' on page 20 undefined on input line
 405.

[20] [21]
Underfull \vbox (badness 10000) has occurred while \output is active []

 [22]
Underfull \hbox (badness 10000) in paragraph at lines 501--503

 []


Underfull \vbox (badness 10000) has occurred while \output is active []

 [23]
[24]
LaTeX Font Info:    Trying to load font information for U+euf on input line 559
.
 (D:\Programmi\MikTeX\tex/latex/amsfonts\ueuf.fd
File: ueuf.fd 2013/01/14 v3.01 Euler Fraktur
)
(C:\Users\matti\AppData\Roaming\MiKTeX\tex/latex/microtype\mt-euf.cfg
File: mt-euf.cfg 2006/07/03 v1.1 microtype config. file: AMS Euler Fraktur (RS)

)
Underfull \vbox (badness 10000) has occurred while \output is active []

 [25]
[26] [27] [28] [29] [30]
Underfull \vbox (badness 10000) has occurred while \output is active []

 [31]
[32] [33] [34] [35]) (Capitoli/Capitolo 1/capitolo-01.tex [36]
Capitolo 1.
[37

]
Underfull \vbox (badness 2809) has occurred while \output is active []

 [38]
[39] [40] [41] [42] [43]
Underfull \vbox (badness 10000) has occurred while \output is active []

 [44]
[45]
Overfull \hbox (1.33426pt too wide) detected at line 260
[] \OT1/lmr/m/n/12 = [] = [] = [][] \OML/lmm/m/it/12 ug[]d\OMS/lmsy/m/n/12 L[] 
\OT1/lmr/m/n/12 + [] [][] \OML/lmm/m/it/12 D[]ug[]d\OMS/lmsy/m/n/12 L[]\OML/lmm
/m/it/12 :
 []

[46] [47] [48] [49] [50] [51]
Underfull \vbox (badness 1281) has occurred while \output is active []

 [52]
[53] [54]
Underfull \vbox (badness 10000) has occurred while \output is active []

 [55]
[56]
LaTeX Font Info:    External font `lmex10' loaded for size
(Font)              <14.4> on input line 630.

Underfull \vbox (badness 1147) has occurred while \output is active []

 [57]
[58] [59]
Underfull \vbox (badness 10000) has occurred while \output is active []

 [60]
[61]
Underfull \vbox (badness 10000) has occurred while \output is active []

 [62]
[63] [64]
Underfull \vbox (badness 10000) has occurred while \output is active []

 [65]
[66] [67]
Overfull \hbox (6.4612pt too wide) in paragraph at lines 913--915
\T1/lmr/bx/n/12 (-20) (6.10) Os-ser-va-zio-ne  \T1/lmr/m/it/12 (-20) In $\OML/l
mm/m/it/12 W[]\OT1/lmr/m/n/12 (-20) (\OML/lmm/m/it/12 U\OT1/lmr/m/n/12 (-20) )$
 \T1/lmr/m/it/12 (-20) la nor-ma $\OMS/lmsy/m/n/12 k\OML/lmm/m/it/12 Du\OMS/lms
y/m/n/12 k[]$ \T1/lmr/m/it/12 (-20) è equi-va-len-te al-la nor-ma $\OMS/lmsy/m/
n/12 k\OML/lmm/m/it/12 u\OMS/lmsy/m/n/12 k[]$\T1/lmr/m/it/12 (-20) .
 []

[68] [69]
Underfull \vbox (badness 1189) has occurred while \output is active []

 [70]
[71] [72]
Underfull \vbox (badness 10000) has occurred while \output is active []

 [73]
[74] [75] [76] [77]
Overfull \hbox (3.77321pt too wide) detected at line 1166
[]
 []


Overfull \hbox (5.15924pt too wide) detected at line 1173
[]
 []


Overfull \hbox (0.60234pt too wide) detected at line 1179
[]
 []


Underfull \vbox (badness 10000) has occurred while \output is active []

 [78]
Underfull \vbox (badness 10000) has occurred while \output is active []

 [79]
Underfull \vbox (badness 10000) has occurred while \output is active []

 [80]
[81]
Underfull \vbox (badness 10000) has occurred while \output is active []

 [82]
Underfull \vbox (badness 10000) has occurred while \output is active []

 [83]
Underfull \vbox (badness 10000) has occurred while \output is active []

 [84]
Underfull \vbox (badness 3323) has occurred while \output is active []

 [85]
Underfull \vbox (badness 10000) has occurred while \output is active []

 [86]
[87] [88] [89] [90] [91] [92] [93] [94] [95]
Underfull \vbox (badness 10000) has occurred while \output is active []

 [96]
Underfull \vbox (badness 10000) has occurred while \output is active []

 [97]
[98]) (Capitoli/Capitolo 2/capitolo-02.tex [99] [100

]
Capitolo 2.

Underfull \vbox (badness 1484) has occurred while \output is active []

 [101]
Underfull \vbox (badness 10000) has occurred while \output is active []

 [102]
[103] [104] [105] [106] [107] [108] [109] [110] [111] [112] [113] [114]
Underfull \vbox (badness 10000) has occurred while \output is active []

 [115]
Underfull \vbox (badness 10000) has occurred while \output is active []

 [116]
[117] [118]
Overfull \hbox (0.45721pt too wide) detected at line 555
[]
 []


Underfull \vbox (badness 10000) has occurred while \output is active []

 [119]
Underfull \vbox (badness 10000) has occurred while \output is active []

 [120]
[121] [122] [123]
Underfull \vbox (badness 10000) has occurred while \output is active []

 [124]
[125]
Underfull \vbox (badness 2662) has occurred while \output is active []

 [126]
Underfull \vbox (badness 10000) has occurred while \output is active []

 [127]
[128] [129]
Underfull \vbox (badness 10000) has occurred while \output is active []

 [130]
Underfull \vbox (badness 10000) has occurred while \output is active []

 [131]
Underfull \vbox (badness 10000) has occurred while \output is active []

 [132]
[133]
Underfull \vbox (badness 10000) has occurred while \output is active []

 [134]
[135] [136] [137] [138]
Overfull \hbox (7.0997pt too wide) detected at line 1118
\OML/lmm/m/it/12 B\OT1/lmr/m/n/12 (\OML/lmm/m/it/12 u; u\OT1/lmr/m/n/12 ) = \OM
L/lmm/m/it/12 B [] \OT1/lmr/m/n/12 = [] [] \OML/lmm/m/it/12 d[]d[]B\OT1/lmr/m/n
/12 (\OML/lmm/m/it/12 w[]; w[]\OT1/lmr/m/n/12 ) = [] [] \OML/lmm/m/it/12 d[]^^U
[] \OMS/lmsy/m/n/12 ^^U \OML/lmm/m/it/12 ^^U[] [] d[] \OT1/lmr/m/n/12 = \OML/lm
m/m/it/12 ^^U[]:
 []


Underfull \vbox (badness 2261) has occurred while \output is active []

 [139]
Underfull \vbox (badness 5119) has occurred while \output is active []

 [140]
[141] [142]) (Capitoli/Capitolo 3/capitolo-03.tex [143] [144

]
Capitolo 3.
[145]
Underfull \vbox (badness 1817) has occurred while \output is active []

 [146]
[147]
Underfull \vbox (badness 1552) has occurred while \output is active []

 [148]
[149]
Underfull \vbox (badness 10000) has occurred while \output is active []

 [150]
Underfull \vbox (badness 1789) has occurred while \output is active []

 [151]
[152] [153] [154]
Underfull \vbox (badness 1158) has occurred while \output is active []

 [155]
[156]
Underfull \vbox (badness 10000) has occurred while \output is active []

 [157]
Underfull \vbox (badness 10000) has occurred while \output is active []

 [158]
Underfull \vbox (badness 10000) has occurred while \output is active []

 [159]
[160] [161] [162] [163] [164] [165]
Overfull \vbox (2.08739pt too high) has occurred while \output is active []


[166]
Underfull \vbox (badness 10000) has occurred while \output is active []

 [167]
[168] [169]
Underfull \vbox (badness 5274) has occurred while \output is active []

 [170]
[171] [172] [173] [174]
Underfull \vbox (badness 1189) has occurred while \output is active []

 [175]
[176]
Package microtype Info: Character `029' is missing
(microtype)             in font `T1/lmr/m/sc/12'.
(microtype)             Ignoring protrusion settings for this character.
) (Capitoli/Capitolo 4/capitolo-04.tex [177] [178

]
Capitolo 4.
[179]
Underfull \vbox (badness 1442) has occurred while \output is active []

 [180]
[181] [182]
Underfull \vbox (badness 1546) has occurred while \output is active []

 [183]
[184] [185]
Underfull \vbox (badness 4899) has occurred while \output is active []

 [186]
Overfull \hbox (8.21162pt too wide) detected at line 345
[]
 []

[187] [188] [189] [190]
Underfull \vbox (badness 2990) has occurred while \output is active []

 [191]
[192] [193] [194] [195]
Underfull \vbox (badness 10000) has occurred while \output is active []

 [196]
[197]) (Capitoli/Capitolo 5/capitolo-05.tex [198]
Capitolo 5.

Underfull \vbox (badness 10000) has occurred while \output is active []

 [199

]
[200]
Overfull \hbox (29.99117pt too wide) in paragraph at lines 64--66
\T1/lmr/m/n/12 (-20) ammette un'u-ni-ca so-lu-zio-ne de-bo-le $\OML/lmm/m/it/12
 w \OMS/lmsy/m/n/12 2 \OML/lmm/m/it/12 L[]\OT1/lmr/m/n/12 (-20) (0\OML/lmm/m/it
/12 ; T\OT1/lmr/m/n/12 (-20) ; \OML/lmm/m/it/12 H[]\OT1/lmr/m/n/12 (-20) (\OML/
lmm/m/it/12 U\OT1/lmr/m/n/12 (-20) ; \U/msb/m/n/12 R[]\OT1/lmr/m/n/12 (-20) ))$
 \T1/lmr/m/n/12 (-20) ta-le che $\OML/lmm/m/it/12 w[] \OMS/lmsy/m/n/12 2 \OML/l
mm/m/it/12 L[]\OT1/lmr/m/n/12 (-20) (0\OML/lmm/m/it/12 ; T\OT1/lmr/m/n/12 (-20)
 ; \OML/lmm/m/it/12 H[]\OT1/lmr/m/n/12 (-20) (\OML/lmm/m/it/12 U\OT1/lmr/m/n/12
 (-20) ; \U/msb/m/n/12 R[]\OT1/lmr/m/n/12 (-20) ))$\T1/lmr/m/n/12 (-20) ,
 []


Underfull \vbox (badness 3668) has occurred while \output is active []

 [201]
Overfull \hbox (10.3521pt too wide) detected at line 84
[]\OMS/lmsy/m/n/12 k\OML/lmm/m/it/12 w[] \OMS/lmsy/m/n/12 ^^@ \OML/lmm/m/it/12 
w[]\OMS/lmsy/m/n/12 k[] ^^T \OML/lmm/m/it/12 C\OMS/lmsy/m/n/12 k\OML/lmm/m/it/1
2 h[] \OMS/lmsy/m/n/12 ^^@ \OML/lmm/m/it/12 h[]\OMS/lmsy/m/n/12 k[] \OT1/lmr/m/
n/12 = \OML/lmm/m/it/12 C\OMS/lmsy/m/n/12 k\OML/lmm/m/it/12 f\OT1/lmr/m/n/12 (\
OML/lmm/m/it/12 u[]\OT1/lmr/m/n/12 ) \OMS/lmsy/m/n/12 ^^@ \OML/lmm/m/it/12 f\OT
1/lmr/m/n/12 (\OML/lmm/m/it/12 u[]\OT1/lmr/m/n/12 )\OMS/lmsy/m/n/12 k[] ^^T \OM
L/lmm/m/it/12 C\OMS/lmsy/m/n/12 k\OML/lmm/m/it/12 u[] \OMS/lmsy/m/n/12 ^^@ \OML
/lmm/m/it/12 u[]\OMS/lmsy/m/n/12 k[]\OML/lmm/m/it/12 :
 []


Overfull \hbox (5.54399pt too wide) detected at line 86
\OMS/lmsy/m/n/12 k\OML/lmm/m/it/12 w[]\OT1/lmr/m/n/12 (\OML/lmm/m/it/12 s\OT1/l
mr/m/n/12 ) \OMS/lmsy/m/n/12 ^^@ \OML/lmm/m/it/12 w[]\OT1/lmr/m/n/12 (\OML/lmm/
m/it/12 s\OT1/lmr/m/n/12 )\OMS/lmsy/m/n/12 k[] ^^T \OML/lmm/m/it/12 C [][]\OMS/
lmsy/m/n/12 k\OML/lmm/m/it/12 u[]\OT1/lmr/m/n/12 (\OML/lmm/m/it/12 t\OT1/lmr/m/
n/12 ) \OMS/lmsy/m/n/12 ^^@ \OML/lmm/m/it/12 u[]\OT1/lmr/m/n/12 (\OML/lmm/m/it/
12 t\OT1/lmr/m/n/12 )\OMS/lmsy/m/n/12 k[]\OML/lmm/m/it/12 d\OMS/lmsy/m/n/12 L[]
\OT1/lmr/m/n/12 (\OML/lmm/m/it/12 t\OT1/lmr/m/n/12 ) \OMS/lmsy/m/n/12 ^^T \OML/
lmm/m/it/12 CT\OMS/lmsy/m/n/12 k\OML/lmm/m/it/12 u[] \OMS/lmsy/m/n/12 ^^@ \OML/
lmm/m/it/12 u[]\OMS/lmsy/m/n/12 k[]\OML/lmm/m/it/12 ;
 []

[202] [203]
Underfull \vbox (badness 10000) has occurred while \output is active []

 [204]
[205]
Underfull \vbox (badness 10000) has occurred while \output is active []

 [206]
Underfull \vbox (badness 10000) has occurred while \output is active []

 [207]
[208]

Package imakeidx Warning: Undefined index file `index' on input line 276.


Underfull \vbox (badness 2726) has occurred while \output is active []

 [209]
[210] [211] [212]
Underfull \vbox (badness 10000) has occurred while \output is active []

 [213]
Underfull \vbox (badness 10000) has occurred while \output is active []

 [214]
Underfull \vbox (badness 10000) has occurred while \output is active []

 [215]
Underfull \vbox (badness 10000) has occurred while \output is active []

 [216]

Package imakeidx Warning: Undefined index file `index' on input line 471.

[217] [218] [219] [220] [221] [222] [223] [224]
Underfull \vbox (badness 10000) has occurred while \output is active []

 [225]
Overfull \vbox (1.4349pt too high) has occurred while \output is active []


[226]
Underfull \vbox (badness 10000) has occurred while \output is active []

 [227]
Underfull \vbox (badness 2080) has occurred while \output is active []

 [228]
[229]
Underfull \vbox (badness 10000) has occurred while \output is active []

 [230]
[231] [232]
Overfull \hbox (1.88924pt too wide) detected at line 925
[]
 []

[233] [234]) [235] [236

]
runsystem(makeindex simboli.idx)...executed safely (allowed).

 (simboli.ind) [237

] [238

]
runsystem(makeindex analitico.idx)...executed safely (allowed).

 (analitico.ind [239

]
[240]) [241] (afed.aux)

LaTeX Warning: There were undefined references.

Package rerunfilecheck Info: File `afed.out' has not changed.
(rerunfilecheck)             Checksum: 53A0CBBB43878A7BBB782D3847E94794;7730.
 ) 
Here is how much of TeX's memory you used:
 40102 strings out of 476374
 884791 string characters out of 5800580
 1872340 words of memory out of 5000000
 58380 multiletter control sequences out of 15000+600000
 672722 words of font info for 395 fonts, out of 8000000 for 9000
 1141 hyphenation exceptions out of 8191
 99i,18n,94p,1092b,757s stack positions out of 10000i,1000n,20000p,200000b,200000s
{D:/Programmi/MikTeX/fonts/enc/dvips/lm/lm-ec.enc}{D:/Programmi/MikTeX/fonts/
enc/dvips/lm/lm-rm.enc} <C:\Users\matti\AppData\Local\MiKTeX\fonts/pk/ljfour/pu
blic/esint/dpi600\esint10.pk>{D:/Programmi/MikTeX/fonts/enc/dvips/lm/lm-mathsy.
enc} <C:\Users\matti\AppData\Local\MiKTeX\fonts/pk/ljfour/public/wasy/dpi720\wa
sy10.pk>{D:/Programmi/MikTeX/fonts/enc/dvips/lm/lm-mathit.enc} <C:\Users\matti\
AppData\Local\MiKTeX\fonts/pk/ljfour/public/esint/dpi720\esint10.pk>{D:/Program
mi/MikTeX/fonts/enc/dvips/lm/lm-mathex.enc}{D:/Programmi/MikTeX/fonts/enc/dvips
/lm/lm-ts1.enc}<D:/Programmi/MikTeX/fonts/type1/public/amsfonts/euler/eufm10.pf
b><D:/Programmi/MikTeX/fonts/type1/public/lm/lmbx10.pfb><D:/Programmi/MikTeX/fo
nts/type1/public/lm/lmbx12.pfb><D:/Programmi/MikTeX/fonts/type1/public/lm/lmbxi
10.pfb><D:/Programmi/MikTeX/fonts/type1/public/lm/lmcsc10.pfb><D:/Programmi/Mik
TeX/fonts/type1/public/lm/lmex10.pfb><D:/Programmi/MikTeX/fonts/type1/public/lm
/lmmi10.pfb><D:/Programmi/MikTeX/fonts/type1/public/lm/lmmi12.pfb><D:/Programmi
/MikTeX/fonts/type1/public/lm/lmmi5.pfb><D:/Programmi/MikTeX/fonts/type1/public
/lm/lmmi6.pfb><D:/Programmi/MikTeX/fonts/type1/public/lm/lmmi7.pfb><D:/Programm
i/MikTeX/fonts/type1/public/lm/lmmi8.pfb><D:/Programmi/MikTeX/fonts/type1/publi
c/lm/lmr10.pfb><D:/Programmi/MikTeX/fonts/type1/public/lm/lmr12.pfb><D:/Program
mi/MikTeX/fonts/type1/public/lm/lmr5.pfb><D:/Programmi/MikTeX/fonts/type1/publi
c/lm/lmr6.pfb><D:/Programmi/MikTeX/fonts/type1/public/lm/lmr7.pfb><D:/Programmi
/MikTeX/fonts/type1/public/lm/lmr8.pfb><D:/Programmi/MikTeX/fonts/type1/public/
lm/lmri10.pfb><D:/Programmi/MikTeX/fonts/type1/public/lm/lmri12.pfb><D:/Program
mi/MikTeX/fonts/type1/public/lm/lmro12.pfb><D:/Programmi/MikTeX/fonts/type1/pub
lic/lm/lmsy10.pfb><D:/Programmi/MikTeX/fonts/type1/public/lm/lmsy5.pfb><D:/Prog
rammi/MikTeX/fonts/type1/public/lm/lmsy6.pfb><D:/Programmi/MikTeX/fonts/type1/p
ublic/lm/lmsy7.pfb><D:/Programmi/MikTeX/fonts/type1/public/lm/lmsy8.pfb><D:/Pro
grammi/MikTeX/fonts/type1/public/lm/lmtt12.pfb><D:/Programmi/MikTeX/fonts/type1
/public/amsfonts/symbols/msbm10.pfb><D:/Programmi/MikTeX/fonts/type1/public/ams
fonts/symbols/msbm7.pfb>
Output written on afed.pdf (241 pages, 1550128 bytes).
PDF statistics:
 2444 PDF objects out of 2487 (max. 8388607)
 796 named destinations out of 1000 (max. 500000)
 79701 words of extra memory for PDF output out of 89155 (max. 10000000)

